/N/u/shatumma/Quartz/.conda/envs/Assignment1/bin/quast.py assemblies/oases_k61/transcripts.fa -o quast_results/oases_k61 --min-contig 200 --threads 8

Version: 5.2.0

System information:
  OS: Linux-4.18.0-553.78.1.el8_10.x86_64-x86_64-with-glibc2.28 (linux_64)
  Python version: 3.14.0
  CPUs number: 44

Started: 2025-10-15 12:29:23

Logging to /N/slate/shatumma/Precision_Medicine/Assignment1/quast_results/oases_k61/quast.log

CWD: /N/slate/shatumma/Precision_Medicine/Assignment1
Main parameters: 
  MODE: default, threads: 8, min contig length: 200, min alignment length: 65, min alignment IDY: 95.0, \
  ambiguity: one, min local misassembly length: 200, min extensive misassembly length: 1000

Contigs:
  Pre-processing...
  assemblies/oases_k61/transcripts.fa ==> transcripts

2025-10-15 12:29:24
Running Basic statistics processor...
  Contig files: 
    transcripts
  Calculating N50 and L50...
    transcripts, N50 = 3376, L50 = 145, auN = 341742.6, Total length = 14850410, GC % = 50.78, # N's per 100 kbp =  2.61
  Drawing Nx plot...
    saved to /N/slate/shatumma/Precision_Medicine/Assignment1/quast_results/oases_k61/basic_stats/Nx_plot.pdf
  Drawing cumulative plot...
    saved to /N/slate/shatumma/Precision_Medicine/Assignment1/quast_results/oases_k61/basic_stats/cumulative_plot.pdf
  Drawing GC content plot...
    saved to /N/slate/shatumma/Precision_Medicine/Assignment1/quast_results/oases_k61/basic_stats/GC_content_plot.pdf
  Drawing transcripts GC content plot...
    saved to /N/slate/shatumma/Precision_Medicine/Assignment1/quast_results/oases_k61/basic_stats/transcripts_GC_content_plot.pdf
Done.

NOTICE: Genes are not predicted by default. Use --gene-finding or --glimmer option to enable it.

2025-10-15 12:29:26
Creating large visual summaries...
This may take a while: press Ctrl-C to skip this step..
  1 of 2: Creating PDF with all tables and plots...
  2 of 2: Creating Icarus viewers...
Done

2025-10-15 12:29:26
RESULTS:
  Text versions of total report are saved to /N/slate/shatumma/Precision_Medicine/Assignment1/quast_results/oases_k61/report.txt, report.tsv, and report.tex
  Text versions of transposed total report are saved to /N/slate/shatumma/Precision_Medicine/Assignment1/quast_results/oases_k61/transposed_report.txt, transposed_report.tsv, and transposed_report.tex
  HTML version (interactive tables and plots) is saved to /N/slate/shatumma/Precision_Medicine/Assignment1/quast_results/oases_k61/report.html
  PDF version (tables and plots) is saved to /N/slate/shatumma/Precision_Medicine/Assignment1/quast_results/oases_k61/report.pdf
  Icarus (contig browser) is saved to /N/slate/shatumma/Precision_Medicine/Assignment1/quast_results/oases_k61/icarus.html
  Log is saved to /N/slate/shatumma/Precision_Medicine/Assignment1/quast_results/oases_k61/quast.log

Finished: 2025-10-15 12:29:26
Elapsed time: 0:00:03.127196
NOTICEs: 1; WARNINGs: 0; non-fatal ERRORs: 0

Thank you for using QUAST!
